1.0847 	DATA 	Trigger sent: 11
2.0857 	DATA 	TrialUnit Data: {'duration': 1, 'onset_time': 1.0843975000316277, 'onset_time_global': 1744683137, 'trigger': 11, 'close_time': 8.36308109993115, 'close_time_global': 1744683138}
3.1873 	DATA 	Trigger sent: 21
4.1859 	DATA 	TrialUnit Data: {'duration': 1, 'onset_time': 3.187010299996473, 'onset_time_global': 1744683139, 'trigger': 21, 'close_time': 10.463236899930052, 'close_time_global': 1744683140}
5.2864 	DATA 	Trigger sent: 0
6.2870 	DATA 	TrialUnit Data: {'duration': 1, 'onset_time': 5.286175400018692, 'onset_time_global': 1744683141, 'trigger': 0, 'close_time': 12.564373699948192, 'close_time_global': 1744683142}
7.3866 	DATA 	Trigger sent: 31
7.7732 	DATA 	Trigger sent: 41
7.7734 	DATA 	TrialUnit Data: {'onset_time': 7.38638759998139, 'onset_time_global': 1744683144, 'hit': True, 'response': 'space', 'rt': 1.4844193999888375, 'close_time': 14.05029259994626, 'close_time_global': 1744683144}
7.7735 	DATA 	Adaptive[True] — Trials: 1, Accuracy: 100.00%, Duration updated: 0.400 → 0.380
7.8066 	DATA 	Keypress: space
8.8721 	DATA 	Trigger sent: 0
10.8737 	DATA 	TrialUnit Data: {'duration': 2.0, 'onset_time': 8.871820300002582, 'onset_time_global': 1744683145, 'trigger': 0, 'close_time': 17.151006800006144, 'close_time_global': 1744683147}
11.9739 	DATA 	Trigger sent: 11
12.9746 	DATA 	TrialUnit Data: {'duration': 1, 'onset_time': 11.973620499949902, 'onset_time_global': 1744683148, 'trigger': 11, 'close_time': 19.25193859997671, 'close_time_global': 1744683149}
14.0774 	DATA 	Trigger sent: 21
15.0761 	DATA 	TrialUnit Data: {'duration': 1, 'onset_time': 14.077034199959598, 'onset_time_global': 1744683150, 'trigger': 21, 'close_time': 21.353420299943537, 'close_time_global': 1744683151}
16.1753 	DATA 	Trigger sent: 0
17.2928 	DATA 	TrialUnit Data: {'duration': 1, 'onset_time': 16.17505359998904, 'onset_time_global': 1744683152, 'trigger': 0, 'close_time': 23.570084300008602, 'close_time_global': 1744683153}
18.3933 	DATA 	Trigger sent: 31
18.7430 	DATA 	Trigger sent: 41
18.7431 	DATA 	TrialUnit Data: {'onset_time': 18.392979500000365, 'onset_time_global': 1744683155, 'hit': True, 'response': 'space', 'rt': 1.437048799940385, 'close_time': 25.020094399922527, 'close_time_global': 1744683155}
18.7431 	DATA 	Adaptive[True] — Trials: 2, Accuracy: 100.00%, Duration updated: 0.380 → 0.360
18.7607 	DATA 	Keypress: space
19.8440 	DATA 	Trigger sent: 0
21.8446 	DATA 	TrialUnit Data: {'duration': 2.0, 'onset_time': 19.843784400029108, 'onset_time_global': 1744683156, 'trigger': 0, 'close_time': 28.121920899953693, 'close_time_global': 1744683158}
22.9455 	DATA 	Trigger sent: 11
23.9465 	DATA 	TrialUnit Data: {'duration': 1, 'onset_time': 22.945210400037467, 'onset_time_global': 1744683159, 'trigger': 11, 'close_time': 30.223838299978524, 'close_time_global': 1744683160}
25.0478 	DATA 	Trigger sent: 21
26.0463 	DATA 	TrialUnit Data: {'duration': 1, 'onset_time': 25.047462499933317, 'onset_time_global': 1744683161, 'trigger': 21, 'close_time': 32.323653399944305, 'close_time_global': 1744683162}
27.1467 	DATA 	Trigger sent: 0
28.1487 	DATA 	TrialUnit Data: {'duration': 1, 'onset_time': 27.146461499971338, 'onset_time_global': 1744683163, 'trigger': 0, 'close_time': 34.42604869999923, 'close_time_global': 1744683164}
29.2511 	DATA 	Trigger sent: 31
29.6160 	DATA 	Trigger sent: 41
29.6161 	DATA 	TrialUnit Data: {'onset_time': 29.250719900010154, 'onset_time_global': 1744683165, 'hit': True, 'response': 'space', 'rt': 1.451478699920699, 'close_time': 35.89319179998711, 'close_time_global': 1744683166}
29.6162 	DATA 	Adaptive[True] — Trials: 3, Accuracy: 100.00%, Duration updated: 0.360 → 0.340
29.6171 	DATA 	Keypress: space
30.7152 	DATA 	Trigger sent: 0
32.7162 	DATA 	TrialUnit Data: {'duration': 2.0, 'onset_time': 30.71500979992561, 'onset_time_global': 1744683167, 'trigger': 0, 'close_time': 38.99353939993307, 'close_time_global': 1744683169}
33.8186 	DATA 	Trigger sent: 11
34.8175 	DATA 	TrialUnit Data: {'duration': 1, 'onset_time': 33.81820320000406, 'onset_time_global': 1744683170, 'trigger': 11, 'close_time': 41.09484000003431, 'close_time_global': 1744683171}
35.9190 	DATA 	Trigger sent: 21
36.9187 	DATA 	TrialUnit Data: {'duration': 1, 'onset_time': 35.91868080000859, 'onset_time_global': 1744683172, 'trigger': 21, 'close_time': 43.196104099974036, 'close_time_global': 1744683173}
38.0190 	DATA 	Trigger sent: 0
39.0208 	DATA 	TrialUnit Data: {'duration': 1, 'onset_time': 38.01875199994538, 'onset_time_global': 1744683174, 'trigger': 0, 'close_time': 45.298148899921216, 'close_time_global': 1744683175}
40.1212 	DATA 	Trigger sent: 31
40.4703 	DATA 	Trigger sent: 41
40.4704 	DATA 	TrialUnit Data: {'onset_time': 40.12085189996287, 'onset_time_global': 1744683176, 'hit': True, 'response': 'space', 'rt': 1.4390935000265017, 'close_time': 46.74753559997771, 'close_time_global': 1744683177}
40.4704 	DATA 	Adaptive[True] — Trials: 4, Accuracy: 100.00%, Duration updated: 0.340 → 0.320
40.4872 	DATA 	Keypress: space
41.5737 	DATA 	Trigger sent: 0
43.5715 	DATA 	TrialUnit Data: {'duration': 2.0, 'onset_time': 41.573334399960004, 'onset_time_global': 1744683178, 'trigger': 0, 'close_time': 49.84884120000061, 'close_time_global': 1744683180}
44.6734 	DATA 	Trigger sent: 11
45.6730 	DATA 	TrialUnit Data: {'duration': 1, 'onset_time': 44.67304210003931, 'onset_time_global': 1744683181, 'trigger': 11, 'close_time': 51.95043420000002, 'close_time_global': 1744683182}
46.7759 	DATA 	Trigger sent: 21
47.5608 	DATA 	Keypress: space
47.7742 	DATA 	TrialUnit Data: {'duration': 1, 'onset_time': 46.77554349997081, 'onset_time_global': 1744683183, 'trigger': 21, 'close_time': 54.05149009998422, 'close_time_global': 1744683184}
48.8740 	DATA 	Trigger sent: 0
49.8760 	DATA 	TrialUnit Data: {'duration': 1, 'onset_time': 48.87376799993217, 'onset_time_global': 1744683185, 'trigger': 0, 'close_time': 56.15336290001869, 'close_time_global': 1744683186}
50.9791 	DATA 	Trigger sent: 31
51.3088 	DATA 	Trigger sent: 41
51.3089 	DATA 	TrialUnit Data: {'onset_time': 50.97873780003283, 'onset_time_global': 1744683187, 'hit': True, 'response': 'space', 'rt': 1.4236066000303254, 'close_time': 57.58611769997515, 'close_time_global': 1744683187}
51.3090 	DATA 	Adaptive[True] — Trials: 5, Accuracy: 100.00%, Duration updated: 0.320 → 0.300
51.3256 	DATA 	Keypress: space
52.4096 	DATA 	Trigger sent: 0
54.4101 	DATA 	TrialUnit Data: {'duration': 2.0, 'onset_time': 52.40942489996087, 'onset_time_global': 1744683189, 'trigger': 0, 'close_time': 60.68749019992538, 'close_time_global': 1744683191}
55.5133 	DATA 	Trigger sent: 11
56.5122 	DATA 	TrialUnit Data: {'duration': 1, 'onset_time': 55.5128750000149, 'onset_time_global': 1744683192, 'trigger': 11, 'close_time': 62.78953670000192, 'close_time_global': 1744683193}
57.6139 	DATA 	Trigger sent: 21
58.6127 	DATA 	TrialUnit Data: {'duration': 1, 'onset_time': 57.61359480000101, 'onset_time_global': 1744683194, 'trigger': 21, 'close_time': 64.89008369995281, 'close_time_global': 1744683195}
59.7141 	DATA 	Trigger sent: 0
60.7135 	DATA 	TrialUnit Data: {'duration': 1, 'onset_time': 59.71380429994315, 'onset_time_global': 1744683196, 'trigger': 0, 'close_time': 66.99092060001567, 'close_time_global': 1744683197}
61.8164 	DATA 	Trigger sent: 31
62.0811 	DATA 	Trigger sent: 41
62.0811 	DATA 	TrialUnit Data: {'onset_time': 61.816053099930286, 'onset_time_global': 1744683198, 'hit': True, 'response': 'space', 'rt': 1.3664729000302032, 'close_time': 68.35833279998042, 'close_time_global': 1744683198}
62.0812 	DATA 	Adaptive[True] — Trials: 6, Accuracy: 100.00%, Duration updated: 0.300 → 0.280
62.0978 	DATA 	Keypress: space
63.1861 	DATA 	Trigger sent: 0
65.1820 	DATA 	TrialUnit Data: {'duration': 2.0, 'onset_time': 63.18577650003135, 'onset_time_global': 1744683199, 'trigger': 0, 'close_time': 71.45934699999634, 'close_time_global': 1744683201}
66.2826 	DATA 	Trigger sent: 11
67.2838 	DATA 	TrialUnit Data: {'duration': 1, 'onset_time': 66.28249080001842, 'onset_time_global': 1744683202, 'trigger': 11, 'close_time': 73.56119099992793, 'close_time_global': 1744683203}
68.3845 	DATA 	Trigger sent: 21
69.3845 	DATA 	TrialUnit Data: {'duration': 1, 'onset_time': 68.38436889997683, 'onset_time_global': 1744683205, 'trigger': 21, 'close_time': 75.66184850002173, 'close_time_global': 1744683206}
70.4861 	DATA 	Trigger sent: 0
71.4852 	DATA 	TrialUnit Data: {'duration': 1, 'onset_time': 70.4856988999527, 'onset_time_global': 1744683207, 'trigger': 0, 'close_time': 77.76262079994194, 'close_time_global': 1744683208}
72.5864 	DATA 	Trigger sent: 31
72.8704 	DATA 	Trigger sent: 99
72.8705 	DATA 	TrialUnit Data: {'onset_time': 72.58623340004124, 'onset_time_global': 1744683209, 'hit': False, 'response': None, 'rt': 0.0, 'close_time': 79.14750989992172, 'close_time_global': 1744683209}
72.8706 	DATA 	Adaptive — Trials: 7, Accuracy: 100.00%, Duration updated: 0.280 → 0.260
72.8879 	DATA 	Keypress: space
73.9719 	DATA 	Trigger sent: 0
75.9714 	DATA 	TrialUnit Data: {'duration': 2.0, 'onset_time': 73.97155629994813, 'onset_time_global': 1744683210, 'trigger': 0, 'close_time': 82.2487814000342, 'close_time_global': 1744683212}
77.0712 	DATA 	Trigger sent: 11
78.0730 	DATA 	TrialUnit Data: {'duration': 1, 'onset_time': 77.07107429997995, 'onset_time_global': 1744683213, 'trigger': 11, 'close_time': 84.35031949996483, 'close_time_global': 1744683214}
79.1730 	DATA 	Trigger sent: 21
80.1734 	DATA 	TrialUnit Data: {'duration': 1, 'onset_time': 79.17270530003589, 'onset_time_global': 1744683215, 'trigger': 21, 'close_time': 86.45076029992197, 'close_time_global': 1744683216}
81.2764 	DATA 	Trigger sent: 0
82.2774 	DATA 	TrialUnit Data: {'duration': 1, 'onset_time': 81.27605749992654, 'onset_time_global': 1744683217, 'trigger': 0, 'close_time': 88.55476259998977, 'close_time_global': 1744683218}
83.3757 	DATA 	Trigger sent: 31
83.6428 	DATA 	Trigger sent: 99
83.6429 	DATA 	TrialUnit Data: {'onset_time': 83.37535200000275, 'onset_time_global': 1744683220, 'hit': False, 'response': None, 'rt': 0.0, 'close_time': 89.91990909993183, 'close_time_global': 1744683220}
83.6430 	DATA 	Adaptive — Trials: 8, Accuracy: 100.00%, Duration updated: 0.260 → 0.240
83.6948 	DATA 	Keypress: space
84.7428 	DATA 	Trigger sent: 0
86.7433 	DATA 	TrialUnit Data: {'duration': 2.0, 'onset_time': 84.74248300003819, 'onset_time_global': 1744683221, 'trigger': 0, 'close_time': 93.02064449992031, 'close_time_global': 1744683223}
87.8461 	DATA 	Trigger sent: 11
88.8445 	DATA 	TrialUnit Data: {'duration': 1, 'onset_time': 87.84568729996681, 'onset_time_global': 1744683224, 'trigger': 11, 'close_time': 95.1218729999382, 'close_time_global': 1744683225}
89.9448 	DATA 	Trigger sent: 21
90.9454 	DATA 	TrialUnit Data: {'duration': 1, 'onset_time': 89.94458250002936, 'onset_time_global': 1744683226, 'trigger': 21, 'close_time': 97.22273329994641, 'close_time_global': 1744683227}
92.0459 	DATA 	Trigger sent: 0
93.0463 	DATA 	TrialUnit Data: {'duration': 1, 'onset_time': 92.04566910001449, 'onset_time_global': 1744683228, 'trigger': 0, 'close_time': 99.32369370001834, 'close_time_global': 1744683229}
94.1474 	DATA 	Trigger sent: 31
94.3970 	DATA 	Trigger sent: 99
94.3971 	DATA 	TrialUnit Data: {'onset_time': 94.14717819995712, 'onset_time_global': 1744683230, 'hit': False, 'response': None, 'rt': 0.0, 'close_time': 100.67423459992278, 'close_time_global': 1744683231}
94.3971 	DATA 	Adaptive — Trials: 9, Accuracy: 100.00%, Duration updated: 0.240 → 0.220
94.4815 	DATA 	Keypress: space
95.4982 	DATA 	Trigger sent: 0
97.4978 	DATA 	TrialUnit Data: {'duration': 2.0, 'onset_time': 95.49790960003156, 'onset_time_global': 1744683232, 'trigger': 0, 'close_time': 103.77509629994165, 'close_time_global': 1744683234}
98.5995 	DATA 	Trigger sent: 11
99.5992 	DATA 	TrialUnit Data: {'duration': 1, 'onset_time': 98.59927050000988, 'onset_time_global': 1744683235, 'trigger': 11, 'close_time': 105.87658639997244, 'close_time_global': 1744683236}
100.6995 	DATA 	Trigger sent: 21
101.6999 	DATA 	TrialUnit Data: {'duration': 1, 'onset_time': 100.69932589994278, 'onset_time_global': 1744683237, 'trigger': 21, 'close_time': 107.97730999998748, 'close_time_global': 1744683238}
102.8022 	DATA 	Trigger sent: 0
103.8018 	DATA 	TrialUnit Data: {'duration': 1, 'onset_time': 102.80201370001305, 'onset_time_global': 1744683239, 'trigger': 0, 'close_time': 110.07921170000918, 'close_time_global': 1744683240}
104.9018 	DATA 	Trigger sent: 31
105.1356 	DATA 	Trigger sent: 99
105.1357 	DATA 	TrialUnit Data: {'onset_time': 104.90165449993219, 'onset_time_global': 1744683241, 'hit': False, 'response': None, 'rt': 0.0, 'close_time': 111.41264090000186, 'close_time_global': 1744683241}
105.1358 	DATA 	Adaptive — Trials: 10, Accuracy: 100.00%, Duration updated: 0.220 → 0.200
105.2035 	DATA 	Keypress: space
106.2364 	DATA 	Trigger sent: 0
108.2370 	DATA 	TrialUnit Data: {'duration': 2.0, 'onset_time': 106.23624350002501, 'onset_time_global': 1744683242, 'trigger': 0, 'close_time': 114.51438039995264, 'close_time_global': 1744683244}
0.0031 	DATA 	Mouse: Left button down, pos=(985,650)
0.0035 	DATA 	Mouse:  Left button up, pos=(985,650)
1.0821 	DATA 	Trigger sent: 11
2.0642 	DATA 	TrialUnit Data: {'duration': 1, 'onset_time': 0.017440299969166517, 'flip_time': 1.081819900078699, 'onset_time_global': 1744684317, 'trigger': 11, 'close_time': 0.9993125000037253, 'close_time_global': 1744684318}
3.1642 	DATA 	Trigger sent: 21
3.6161 	DATA 	Keypress: space
4.1480 	DATA 	TrialUnit Data: {'duration': 1, 'onset_time': 0.016443400061689317, 'flip_time': 3.1640621001133695, 'onset_time_global': 1744684319, 'trigger': 21, 'close_time': 1.000069300062023, 'close_time_global': 1744684320}
5.2484 	DATA 	Trigger sent: 0
6.2333 	DATA 	TrialUnit Data: {'duration': 1, 'onset_time': 0.016171400086022913, 'flip_time': 5.248303700005636, 'onset_time_global': 1744684321, 'trigger': 0, 'close_time': 1.0008531000930816, 'close_time_global': 1744684322}
7.3328 	DATA 	Trigger sent: 31
7.7000 	DATA 	Trigger sent: 41
7.7000 	DATA 	TrialUnit Data: {'onset_time': 7.3325615000212565, 'onset_time_global': 1744684324, 'hit': True, 'response': 'space', 'rt': 1.4626125999493524, 'close_time': 14.202265299973078, 'close_time_global': 1744684324}
7.7000 	DATA 	Adaptive[True] — Trials: 1, Accuracy: 100.00%, Duration updated: 0.400 → 0.380
7.7169 	DATA 	Keypress: space
8.8005 	DATA 	Trigger sent: 0
10.7853 	DATA 	TrialUnit Data: {'duration': 2.0, 'onset_time': 0.01612600008957088, 'flip_time': 8.80031570000574, 'onset_time_global': 1744684325, 'trigger': 0, 'close_time': 2.000720200012438, 'close_time_global': 1744684327}
11.8888 	DATA 	Trigger sent: 11
12.9035 	DATA 	TrialUnit Data: {'duration': 1, 'onset_time': 0.018075200030580163, 'flip_time': 11.888497800100595, 'onset_time_global': 1744684328, 'trigger': 11, 'close_time': 1.0325372000224888, 'close_time_global': 1744684329}
14.0027 	DATA 	Trigger sent: 21
14.9875 	DATA 	TrialUnit Data: {'duration': 1, 'onset_time': 0.01598080003168434, 'flip_time': 14.002583200111985, 'onset_time_global': 1744684330, 'trigger': 21, 'close_time': 1.0006083000916988, 'close_time_global': 1744684331}
16.0886 	DATA 	Trigger sent: 0
17.0723 	DATA 	TrialUnit Data: {'duration': 1, 'onset_time': 0.014743900042958558, 'flip_time': 16.088225300074555, 'onset_time_global': 1744684332, 'trigger': 0, 'close_time': 0.9982287000166252, 'close_time_global': 1744684333}
18.1718 	DATA 	Trigger sent: 31
18.5566 	DATA 	Trigger sent: 99
18.5567 	DATA 	TrialUnit Data: {'onset_time': 18.171584300114773, 'onset_time_global': 1744684334, 'hit': False, 'response': None, 'rt': 0.0, 'close_time': 25.058839999954216, 'close_time_global': 1744684335}
18.5568 	DATA 	Adaptive — Trials: 2, Accuracy: 100.00%, Duration updated: 0.380 → 0.360
18.5909 	DATA 	Keypress: space
19.6562 	DATA 	Trigger sent: 0
21.6408 	DATA 	TrialUnit Data: {'duration': 2.0, 'onset_time': 0.015862999949604273, 'flip_time': 19.65598050004337, 'onset_time_global': 1744684336, 'trigger': 0, 'close_time': 2.0002071000635624, 'close_time_global': 1744684338}
22.7417 	DATA 	Trigger sent: 11
23.7250 	DATA 	TrialUnit Data: {'duration': 1, 'onset_time': 0.01673139992635697, 'flip_time': 22.74138280004263, 'onset_time_global': 1744684339, 'trigger': 11, 'close_time': 0.9998501000227407, 'close_time_global': 1744684340}
24.8252 	DATA 	Trigger sent: 21
25.8135 	DATA 	TrialUnit Data: {'duration': 1, 'onset_time': 0.01610340003389865, 'flip_time': 24.82501700008288, 'onset_time_global': 1744684341, 'trigger': 21, 'close_time': 1.0041398999746889, 'close_time_global': 1744684342}
26.9124 	DATA 	Trigger sent: 0
27.8938 	DATA 	TrialUnit Data: {'duration': 1, 'onset_time': 0.019940400030463934, 'flip_time': 26.912065700045787, 'onset_time_global': 1744684343, 'trigger': 0, 'close_time': 1.001062700059265, 'close_time_global': 1744684344}
28.9957 	DATA 	Trigger sent: 31
29.3609 	DATA 	Trigger sent: 99
29.3609 	DATA 	TrialUnit Data: {'onset_time': 28.995361200068146, 'onset_time_global': 1744684345, 'hit': False, 'response': None, 'rt': 0.0, 'close_time': 35.86314579995815, 'close_time_global': 1744684346}
29.3609 	DATA 	Adaptive — Trials: 3, Accuracy: 100.00%, Duration updated: 0.360 → 0.340
29.3946 	DATA 	Keypress: space
30.4619 	DATA 	Trigger sent: 0
32.4451 	DATA 	TrialUnit Data: {'duration': 2.0, 'onset_time': 0.015866799978539348, 'flip_time': 30.46160810010042, 'onset_time_global': 1744684347, 'trigger': 0, 'close_time': 1.9989846999524161, 'close_time_global': 1744684349}
33.5487 	DATA 	Trigger sent: 11
34.5299 	DATA 	TrialUnit Data: {'duration': 1, 'onset_time': 0.01795110001694411, 'flip_time': 33.54834550002124, 'onset_time_global': 1744684350, 'trigger': 11, 'close_time': 0.9988364999881014, 'close_time_global': 1744684351}
35.6342 	DATA 	Trigger sent: 21
36.2221 	DATA 	Keypress: space
36.6145 	DATA 	TrialUnit Data: {'duration': 1, 'onset_time': 0.01625879993662238, 'flip_time': 35.633885900024325, 'onset_time_global': 1744684352, 'trigger': 21, 'close_time': 0.9962700998876244, 'close_time_global': 1744684353}
37.7147 	DATA 	Trigger sent: 0
38.6991 	DATA 	TrialUnit Data: {'duration': 1, 'onset_time': 0.016580099938437343, 'flip_time': 37.714524000068195, 'onset_time_global': 1744684354, 'trigger': 0, 'close_time': 1.0008583000162616, 'close_time_global': 1744684355}
39.7994 	DATA 	Trigger sent: 31
40.1018 	DATA 	Trigger sent: 41
40.1019 	DATA 	TrialUnit Data: {'onset_time': 39.79916810011491, 'onset_time_global': 1744684356, 'hit': True, 'response': 'space', 'rt': 1.3973073000088334, 'close_time': 46.60393099999055, 'close_time_global': 1744684356}
40.1020 	DATA 	Adaptive[True] — Trials: 4, Accuracy: 100.00%, Duration updated: 0.340 → 0.320
40.1178 	DATA 	Keypress: space
41.2003 	DATA 	Trigger sent: 0
43.1843 	DATA 	TrialUnit Data: {'duration': 2.0, 'onset_time': 0.015247100032866001, 'flip_time': 41.20009550009854, 'onset_time_global': 1744684357, 'trigger': 0, 'close_time': 1.9990721000358462, 'close_time_global': 1744684359}
44.2849 	DATA 	Trigger sent: 11
45.2689 	DATA 	TrialUnit Data: {'duration': 1, 'onset_time': 0.01609930000267923, 'flip_time': 44.28472310001962, 'onset_time_global': 1744684360, 'trigger': 11, 'close_time': 0.9999146000482142, 'close_time_global': 1744684361}
46.3689 	DATA 	Trigger sent: 21
47.3542 	DATA 	TrialUnit Data: {'duration': 1, 'onset_time': 0.01641500007826835, 'flip_time': 46.36874310008716, 'onset_time_global': 1744684363, 'trigger': 21, 'close_time': 1.001488900044933, 'close_time_global': 1744684364}
48.4566 	DATA 	Trigger sent: 0
49.4384 	DATA 	TrialUnit Data: {'duration': 1, 'onset_time': 0.01599839993286878, 'flip_time': 48.45616270008031, 'onset_time_global': 1744684365, 'trigger': 0, 'close_time': 0.9974739999743178, 'close_time_global': 1744684366}
50.5386 	DATA 	Trigger sent: 31
50.8727 	DATA 	Trigger sent: 99
50.8728 	DATA 	TrialUnit Data: {'onset_time': 50.53832700010389, 'onset_time_global': 1744684367, 'hit': False, 'response': None, 'rt': 0.0, 'close_time': 57.374897499918006, 'close_time_global': 1744684367}
50.8729 	DATA 	Adaptive — Trials: 5, Accuracy: 100.00%, Duration updated: 0.320 → 0.300
50.9056 	DATA 	Keypress: space
51.9720 	DATA 	Trigger sent: 0
53.9578 	DATA 	TrialUnit Data: {'duration': 2.0, 'onset_time': 0.015906900051049888, 'flip_time': 51.971871400019154, 'onset_time_global': 1744684368, 'trigger': 0, 'close_time': 2.001499200006947, 'close_time_global': 1744684370}
55.0594 	DATA 	Trigger sent: 11
56.0415 	DATA 	TrialUnit Data: {'duration': 1, 'onset_time': 0.016609599930234253, 'flip_time': 55.05906910006888, 'onset_time_global': 1744684371, 'trigger': 11, 'close_time': 0.9984570000087842, 'close_time_global': 1744684372}
57.1413 	DATA 	Trigger sent: 21
58.1248 	DATA 	TrialUnit Data: {'duration': 1, 'onset_time': 0.016812300076708198, 'flip_time': 57.1411241000751, 'onset_time_global': 1744684373, 'trigger': 21, 'close_time': 1.0001926000695676, 'close_time_global': 1744684374}
59.2264 	DATA 	Trigger sent: 0
60.2095 	DATA 	TrialUnit Data: {'duration': 1, 'onset_time': 0.016181700048036873, 'flip_time': 59.22611050005071, 'onset_time_global': 1744684375, 'trigger': 0, 'close_time': 0.9991358000552282, 'close_time_global': 1744684376}
61.3118 	DATA 	Trigger sent: 31
61.6269 	DATA 	Trigger sent: 41
61.6270 	DATA 	TrialUnit Data: {'onset_time': 61.31141690001823, 'onset_time_global': 1744684378, 'hit': True, 'response': 'space', 'rt': 1.4160646999953315, 'close_time': 68.1291659999406, 'close_time_global': 1744684378}
61.6271 	DATA 	Adaptive[True] — Trials: 6, Accuracy: 100.00%, Duration updated: 0.300 → 0.280
61.6436 	DATA 	Keypress: space
62.7278 	DATA 	Trigger sent: 0
64.7126 	DATA 	TrialUnit Data: {'duration': 2.0, 'onset_time': 0.016407600021921098, 'flip_time': 62.727451500017196, 'onset_time_global': 1744684379, 'trigger': 0, 'close_time': 2.000986099941656, 'close_time_global': 1744684381}
65.8128 	DATA 	Trigger sent: 11
66.7958 	DATA 	TrialUnit Data: {'duration': 1, 'onset_time': 0.017564899986609817, 'flip_time': 65.81248050008435, 'onset_time_global': 1744684382, 'trigger': 11, 'close_time': 1.0003279000520706, 'close_time_global': 1744684383}
67.8986 	DATA 	Trigger sent: 21
68.8808 	DATA 	TrialUnit Data: {'duration': 1, 'onset_time': 0.016514500021003187, 'flip_time': 67.89825530000962, 'onset_time_global': 1744684384, 'trigger': 21, 'close_time': 0.9985733999637887, 'close_time_global': 1744684385}
69.9826 	DATA 	Trigger sent: 0
70.9665 	DATA 	TrialUnit Data: {'duration': 1, 'onset_time': 0.015391499968245625, 'flip_time': 69.98233820009045, 'onset_time_global': 1744684386, 'trigger': 0, 'close_time': 0.9989959999220446, 'close_time_global': 1744684387}
72.0675 	DATA 	Trigger sent: 31
72.3507 	DATA 	Trigger sent: 99
72.3508 	DATA 	TrialUnit Data: {'onset_time': 72.0670885000145, 'onset_time_global': 1744684388, 'hit': False, 'response': None, 'rt': 0.0, 'close_time': 78.85279129992705, 'close_time_global': 1744684389}
72.3509 	DATA 	Adaptive — Trials: 7, Accuracy: 100.00%, Duration updated: 0.280 → 0.260
72.4022 	DATA 	Keypress: space
73.4490 	DATA 	Trigger sent: 0
75.4337 	DATA 	TrialUnit Data: {'duration': 2.0, 'onset_time': 0.015826100017875433, 'flip_time': 73.44881290011108, 'onset_time_global': 1744684390, 'trigger': 0, 'close_time': 2.000431500026025, 'close_time_global': 1744684392}
76.5341 	DATA 	Trigger sent: 11
77.5179 	DATA 	TrialUnit Data: {'duration': 1, 'onset_time': 0.016454200027510524, 'flip_time': 76.53397040010896, 'onset_time_global': 1744684393, 'trigger': 11, 'close_time': 1.0000738999806345, 'close_time_global': 1744684394}
78.6189 	DATA 	Trigger sent: 21
79.6028 	DATA 	TrialUnit Data: {'duration': 1, 'onset_time': 0.016438000020571053, 'flip_time': 78.61869830009528, 'onset_time_global': 1744684395, 'trigger': 21, 'close_time': 1.0002203000476584, 'close_time_global': 1744684396}
80.7028 	DATA 	Trigger sent: 0
81.6867 	DATA 	TrialUnit Data: {'duration': 1, 'onset_time': 0.014613500097766519, 'flip_time': 80.7025936000282, 'onset_time_global': 1744684397, 'trigger': 0, 'close_time': 0.9983471999876201, 'close_time_global': 1744684398}
82.7868 	DATA 	Trigger sent: 31
83.0541 	DATA 	Trigger sent: 41
83.0541 	DATA 	TrialUnit Data: {'onset_time': 82.78664610011037, 'onset_time_global': 1744684399, 'hit': True, 'response': 'space', 'rt': 1.358311399933882, 'close_time': 89.55641349998768, 'close_time_global': 1744684399}
83.0542 	DATA 	Adaptive[True] — Trials: 8, Accuracy: 100.00%, Duration updated: 0.260 → 0.240
83.0710 	DATA 	Keypress: space
84.1572 	DATA 	Trigger sent: 0
86.1391 	DATA 	TrialUnit Data: {'duration': 2.0, 'onset_time': 0.014244899968616664, 'flip_time': 84.15680190001149, 'onset_time_global': 1744684400, 'trigger': 0, 'close_time': 1.9958304000319913, 'close_time_global': 1744684402}
87.2400 	DATA 	Trigger sent: 11
88.2234 	DATA 	TrialUnit Data: {'duration': 1, 'onset_time': 0.015421400079503655, 'flip_time': 87.23969820002094, 'onset_time_global': 1744684403, 'trigger': 11, 'close_time': 0.9986560000106692, 'close_time_global': 1744684404}
89.3245 	DATA 	Trigger sent: 21
90.3073 	DATA 	TrialUnit Data: {'duration': 1, 'onset_time': 0.01461449998896569, 'flip_time': 89.32409470004495, 'onset_time_global': 1744684406, 'trigger': 21, 'close_time': 0.997282899916172, 'close_time_global': 1744684406}
91.4094 	DATA 	Trigger sent: 0
92.3929 	DATA 	TrialUnit Data: {'duration': 1, 'onset_time': 0.015455099986866117, 'flip_time': 91.40899100003298, 'onset_time_global': 1744684408, 'trigger': 0, 'close_time': 0.9987400999525562, 'close_time_global': 1744684409}
93.4958 	DATA 	Trigger sent: 31
93.7468 	DATA 	Trigger sent: 99
93.7470 	DATA 	TrialUnit Data: {'onset_time': 93.49543160002213, 'onset_time_global': 1744684410, 'hit': False, 'response': None, 'rt': 0.0, 'close_time': 100.24887209990993, 'close_time_global': 1744684410}
93.7471 	DATA 	Adaptive — Trials: 9, Accuracy: 100.00%, Duration updated: 0.240 → 0.220
93.7621 	DATA 	Keypress: space
94.8434 	DATA 	Trigger sent: 0
96.8272 	DATA 	TrialUnit Data: {'duration': 2.0, 'onset_time': 0.01614069996867329, 'flip_time': 94.8432450001128, 'onset_time_global': 1744684411, 'trigger': 0, 'close_time': 1.9997156999306753, 'close_time_global': 1744684413}
97.9296 	DATA 	Trigger sent: 11
98.9125 	DATA 	TrialUnit Data: {'duration': 1, 'onset_time': 0.016843199962750077, 'flip_time': 97.92921790003311, 'onset_time_global': 1744684414, 'trigger': 11, 'close_time': 0.9995437999023125, 'close_time_global': 1744684415}
100.0130 	DATA 	Trigger sent: 21
100.9962 	DATA 	TrialUnit Data: {'duration': 1, 'onset_time': 0.016471099923364818, 'flip_time': 100.01257440005429, 'onset_time_global': 1744684416, 'trigger': 21, 'close_time': 0.9994856999255717, 'close_time_global': 1744684417}
102.0987 	DATA 	Trigger sent: 0
103.0804 	DATA 	TrialUnit Data: {'duration': 1, 'onset_time': 0.01753149996511638, 'flip_time': 102.09829430002719, 'onset_time_global': 1744684418, 'trigger': 0, 'close_time': 0.9989917998900637, 'close_time_global': 1744684419}
104.1833 	DATA 	Trigger sent: 31
104.3999 	DATA 	Trigger sent: 41
104.4001 	DATA 	TrialUnit Data: {'onset_time': 104.18297140009236, 'onset_time_global': 1744684420, 'hit': True, 'response': 'space', 'rt': 1.3054415999213234, 'close_time': 110.90190689999145, 'close_time_global': 1744684421}
104.4003 	DATA 	Adaptive[True] — Trials: 10, Accuracy: 100.00%, Duration updated: 0.220 → 0.200
104.4020 	DATA 	Keypress: space
105.4994 	DATA 	Trigger sent: 0
107.4822 	DATA 	TrialUnit Data: {'duration': 2.0, 'onset_time': 0.016717600054107606, 'flip_time': 105.49912510009017, 'onset_time_global': 1744684422, 'trigger': 0, 'close_time': 1.999383700080216, 'close_time_global': 1744684424}
1.0802 	DATA 	Trigger sent: 11
2.0656 	DATA 	TrialUnit Data: {'duration': 1, 'onset_time': 0.016108700074255466, 'flip_time': 1.0799007000168785, 'onset_time_global': 1744684525, 'trigger': 11, 'close_time': 1.0012509000953287, 'close_time_global': 1744684525}
3.1665 	DATA 	Trigger sent: 21
4.1645 	DATA 	TrialUnit Data: {'duration': 1, 'onset_time': 0.015541499946266413, 'flip_time': 3.1662098000524566, 'onset_time_global': 1744684527, 'trigger': 21, 'close_time': 1.0133736999705434, 'close_time_global': 1744684528}
5.2690 	DATA 	Trigger sent: 0
6.2656 	DATA 	TrialUnit Data: {'duration': 1, 'onset_time': 0.016252800007350743, 'flip_time': 5.2681595999747515, 'onset_time_global': 1744684529, 'trigger': 0, 'close_time': 1.0124970000470057, 'close_time_global': 1744684530}
7.3671 	DATA 	Trigger sent: 31
7.7507 	DATA 	Trigger sent: 41
7.7508 	DATA 	TrialUnit Data: {'onset_time': 7.366825600038283, 'onset_time_global': 1744684531, 'hit': True, 'response': 'space', 'rt': 1.473889800021425, 'close_time': 14.099850099999458, 'close_time_global': 1744684531}
7.7509 	DATA 	Adaptive[True] — Trials: 1, Accuracy: 100.00%, Duration updated: 0.400 → 0.380
7.7842 	DATA 	Keypress: space
8.8497 	DATA 	Trigger sent: 0
10.8343 	DATA 	TrialUnit Data: {'duration': 2.0, 'onset_time': 0.016792100039310753, 'flip_time': 8.849347700015642, 'onset_time_global': 1744684532, 'trigger': 0, 'close_time': 2.001202500076033, 'close_time_global': 1744684534}
11.9354 	DATA 	Trigger sent: 11
12.9356 	DATA 	TrialUnit Data: {'duration': 1, 'onset_time': 0.01633950008545071, 'flip_time': 11.935210300027393, 'onset_time_global': 1744684535, 'trigger': 11, 'close_time': 1.016318800044246, 'close_time_global': 1744684536}
14.0375 	DATA 	Trigger sent: 21
15.0365 	DATA 	TrialUnit Data: {'duration': 1, 'onset_time': 0.016600599978119135, 'flip_time': 14.03721730003599, 'onset_time_global': 1744684537, 'trigger': 21, 'close_time': 1.0153632999863476, 'close_time_global': 1744684538}
16.1391 	DATA 	Trigger sent: 0
17.1373 	DATA 	TrialUnit Data: {'duration': 1, 'onset_time': 0.01566659996751696, 'flip_time': 16.13867310003843, 'onset_time_global': 1744684540, 'trigger': 0, 'close_time': 1.013608899898827, 'close_time_global': 1744684541}
18.2378 	DATA 	Trigger sent: 31
18.5214 	DATA 	Trigger sent: 41
18.5214 	DATA 	TrialUnit Data: {'onset_time': 18.2375844999915, 'onset_time_global': 1744684542, 'hit': True, 'response': 'space', 'rt': 1.3707485999912024, 'close_time': 24.87066389992833, 'close_time_global': 1744684542}
18.5214 	DATA 	Adaptive[True] — Trials: 2, Accuracy: 100.00%, Duration updated: 0.380 → 0.360
18.5380 	DATA 	Keypress: space
19.6217 	DATA 	Trigger sent: 0
21.6229 	DATA 	TrialUnit Data: {'duration': 2.0, 'onset_time': 0.015623699990101159, 'flip_time': 19.62151269998867, 'onset_time_global': 1744684543, 'trigger': 0, 'close_time': 2.0166561999358237, 'close_time_global': 1744684545}
22.7255 	DATA 	Trigger sent: 11
23.7249 	DATA 	TrialUnit Data: {'duration': 1, 'onset_time': 0.01632729999255389, 'flip_time': 22.725109899998643, 'onset_time_global': 1744684546, 'trigger': 11, 'close_time': 1.015554300043732, 'close_time_global': 1744684547}
24.8269 	DATA 	Trigger sent: 21
25.8098 	DATA 	TrialUnit Data: {'duration': 1, 'onset_time': 0.017752300016582012, 'flip_time': 24.82653990003746, 'onset_time_global': 1744684548, 'trigger': 21, 'close_time': 1.0003523000050336, 'close_time_global': 1744684549}
26.9126 	DATA 	Trigger sent: 0
27.9102 	DATA 	TrialUnit Data: {'duration': 1, 'onset_time': 0.014703799970448017, 'flip_time': 26.912211899994873, 'onset_time_global': 1744684550, 'trigger': 0, 'close_time': 1.012071599951014, 'close_time_global': 1744684551}
29.0106 	DATA 	Trigger sent: 31
29.3115 	DATA 	Trigger sent: 41
29.3116 	DATA 	TrialUnit Data: {'onset_time': 29.01029390003532, 'onset_time_global': 1744684552, 'hit': True, 'response': 'space', 'rt': 1.3987227000761777, 'close_time': 35.66067309991922, 'close_time_global': 1744684553}
29.3116 	DATA 	Adaptive[True] — Trials: 3, Accuracy: 100.00%, Duration updated: 0.360 → 0.340
29.3274 	DATA 	Keypress: space
30.4107 	DATA 	Trigger sent: 0
32.3945 	DATA 	TrialUnit Data: {'duration': 2.0, 'onset_time': 0.01646820001769811, 'flip_time': 30.410511999973096, 'onset_time_global': 1744684554, 'trigger': 0, 'close_time': 2.0001077000051737, 'close_time_global': 1744684556}
33.4949 	DATA 	Trigger sent: 11
34.4791 	DATA 	TrialUnit Data: {'duration': 1, 'onset_time': 0.015996200032532215, 'flip_time': 33.494695400004275, 'onset_time_global': 1744684557, 'trigger': 11, 'close_time': 1.0001185000874102, 'close_time_global': 1744684558}
35.5799 	DATA 	Trigger sent: 21
36.5808 	DATA 	TrialUnit Data: {'duration': 1, 'onset_time': 0.01591219997499138, 'flip_time': 35.57962740003131, 'onset_time_global': 1744684559, 'trigger': 21, 'close_time': 1.0166296999668702, 'close_time_global': 1744684560}
37.6810 	DATA 	Trigger sent: 0
38.6813 	DATA 	TrialUnit Data: {'duration': 1, 'onset_time': 0.01600549998693168, 'flip_time': 37.68075589998625, 'onset_time_global': 1744684561, 'trigger': 0, 'close_time': 1.0162086999043822, 'close_time_global': 1744684562}
39.7818 	DATA 	Trigger sent: 31
40.1175 	DATA 	Trigger sent: 41
40.1176 	DATA 	TrialUnit Data: {'onset_time': 39.78164130006917, 'onset_time_global': 1744684563, 'hit': True, 'response': 'space', 'rt': 1.4277724999701604, 'close_time': 46.46664629993029, 'close_time_global': 1744684564}
40.1177 	DATA 	Adaptive[True] — Trials: 4, Accuracy: 100.00%, Duration updated: 0.340 → 0.320
40.1343 	DATA 	Keypress: space
41.2168 	DATA 	Trigger sent: 0
43.2003 	DATA 	TrialUnit Data: {'duration': 2.0, 'onset_time': 0.016762400045990944, 'flip_time': 41.21635600004811, 'onset_time_global': 1744684565, 'trigger': 0, 'close_time': 2.000088300090283, 'close_time_global': 1744684567}
44.3010 	DATA 	Trigger sent: 11
45.2850 	DATA 	TrialUnit Data: {'duration': 1, 'onset_time': 0.016742500010877848, 'flip_time': 44.300736500066705, 'onset_time_global': 1744684568, 'trigger': 11, 'close_time': 1.00055830006022, 'close_time_global': 1744684569}
46.3848 	DATA 	Trigger sent: 21
47.3691 	DATA 	TrialUnit Data: {'duration': 1, 'onset_time': 0.016052199993282557, 'flip_time': 46.38463620003313, 'onset_time_global': 1744684570, 'trigger': 21, 'close_time': 1.0002346000401303, 'close_time_global': 1744684571}
48.4693 	DATA 	Trigger sent: 0
49.4534 	DATA 	TrialUnit Data: {'duration': 1, 'onset_time': 0.01621020003221929, 'flip_time': 48.46905459999107, 'onset_time_global': 1744684572, 'trigger': 0, 'close_time': 1.000193800078705, 'close_time_global': 1744684573}
50.5552 	DATA 	Trigger sent: 31
50.8392 	DATA 	Trigger sent: 41
50.8393 	DATA 	TrialUnit Data: {'onset_time': 50.55486250005197, 'onset_time_global': 1744684574, 'hit': True, 'response': 'space', 'rt': 1.3754835000727326, 'close_time': 57.18834899994545, 'close_time_global': 1744684574}
50.8394 	DATA 	Adaptive[True] — Trials: 5, Accuracy: 100.00%, Duration updated: 0.320 → 0.300
50.8559 	DATA 	Keypress: space
51.9382 	DATA 	Trigger sent: 0
53.9218 	DATA 	TrialUnit Data: {'duration': 2.0, 'onset_time': 0.016679499996826053, 'flip_time': 51.9379405999789, 'onset_time_global': 1744684575, 'trigger': 0, 'close_time': 2.0001013999572024, 'close_time_global': 1744684577}
55.0226 	DATA 	Trigger sent: 11
56.0070 	DATA 	TrialUnit Data: {'duration': 1, 'onset_time': 0.016493000090122223, 'flip_time': 55.02231929998379, 'onset_time_global': 1744684578, 'trigger': 11, 'close_time': 1.0007136000785977, 'close_time_global': 1744684579}
57.1069 	DATA 	Trigger sent: 21
58.0907 	DATA 	TrialUnit Data: {'duration': 1, 'onset_time': 0.016355999978259206, 'flip_time': 57.10668790002819, 'onset_time_global': 1744684581, 'trigger': 21, 'close_time': 1.0001120999222621, 'close_time_global': 1744684582}
59.1919 	DATA 	Trigger sent: 0
60.1916 	DATA 	TrialUnit Data: {'duration': 1, 'onset_time': 0.012319899979047477, 'flip_time': 59.19165360007901, 'onset_time_global': 1744684583, 'trigger': 0, 'close_time': 1.0118786999955773, 'close_time_global': 1744684584}
61.2953 	DATA 	Trigger sent: 31
61.5926 	DATA 	Trigger sent: 41
61.5927 	DATA 	TrialUnit Data: {'onset_time': 61.2948779000435, 'onset_time_global': 1744684585, 'hit': True, 'response': 'space', 'rt': 1.3866078000282869, 'close_time': 67.94192929996643, 'close_time_global': 1744684585}
61.5927 	DATA 	Adaptive[True] — Trials: 6, Accuracy: 100.00%, Duration updated: 0.300 → 0.280
61.5933 	DATA 	Keypress: space
62.6962 	DATA 	Trigger sent: 0
64.6937 	DATA 	TrialUnit Data: {'duration': 2.0, 'onset_time': 0.016193200019188225, 'flip_time': 62.695833900012076, 'onset_time_global': 1744684586, 'trigger': 0, 'close_time': 2.013453199993819, 'close_time_global': 1744684588}
65.7961 	DATA 	Trigger sent: 11
66.7952 	DATA 	TrialUnit Data: {'duration': 1, 'onset_time': 0.015585699933581054, 'flip_time': 65.79570190003142, 'onset_time_global': 1744684589, 'trigger': 11, 'close_time': 1.0144749999744818, 'close_time_global': 1744684590}
67.8961 	DATA 	Trigger sent: 21
68.8799 	DATA 	TrialUnit Data: {'duration': 1, 'onset_time': 0.0164462000830099, 'flip_time': 67.89592070004437, 'onset_time_global': 1744684591, 'trigger': 21, 'close_time': 1.0000378000549972, 'close_time_global': 1744684592}
69.9804 	DATA 	Trigger sent: 0
70.9660 	DATA 	TrialUnit Data: {'duration': 1, 'onset_time': 0.016480400110594928, 'flip_time': 69.98008350003511, 'onset_time_global': 1744684593, 'trigger': 0, 'close_time': 1.0019221000839025, 'close_time_global': 1744684594}
72.0673 	DATA 	Trigger sent: 31
72.3481 	DATA 	Trigger sent: 99
72.3482 	DATA 	TrialUnit Data: {'onset_time': 72.06687780003995, 'onset_time_global': 1744684595, 'hit': False, 'response': None, 'rt': 0.0, 'close_time': 78.6972708000103, 'close_time_global': 1744684596}
72.3482 	DATA 	Adaptive — Trials: 7, Accuracy: 100.00%, Duration updated: 0.280 → 0.260
72.3819 	DATA 	Keypress: space
73.4509 	DATA 	Trigger sent: 0
75.4494 	DATA 	TrialUnit Data: {'duration': 2.0, 'onset_time': 0.015421799966134131, 'flip_time': 73.45050909998827, 'onset_time_global': 1744684597, 'trigger': 0, 'close_time': 2.0135618000058457, 'close_time_global': 1744684599}
76.5516 	DATA 	Trigger sent: 11
77.5513 	DATA 	TrialUnit Data: {'duration': 1, 'onset_time': 0.015310100046917796, 'flip_time': 76.55124810000416, 'onset_time_global': 1744684600, 'trigger': 11, 'close_time': 1.0146920999977738, 'close_time_global': 1744684601}
78.6533 	DATA 	Trigger sent: 21
79.6521 	DATA 	TrialUnit Data: {'duration': 1, 'onset_time': 0.014521499979309738, 'flip_time': 78.65292170003522, 'onset_time_global': 1744684602, 'trigger': 21, 'close_time': 1.013084699981846, 'close_time_global': 1744684603}
80.7539 	DATA 	Trigger sent: 0
81.7532 	DATA 	TrialUnit Data: {'duration': 1, 'onset_time': 0.016671399935148656, 'flip_time': 80.75347970006987, 'onset_time_global': 1744684604, 'trigger': 0, 'close_time': 1.0157367000356317, 'close_time_global': 1744684605}
82.8530 	DATA 	Trigger sent: 31
83.1204 	DATA 	Trigger sent: 99
83.1205 	DATA 	TrialUnit Data: {'onset_time': 82.8528168000048, 'onset_time_global': 1744684606, 'hit': False, 'response': None, 'rt': 0.0, 'close_time': 89.46972839999944, 'close_time_global': 1744684607}
83.1205 	DATA 	Adaptive — Trials: 8, Accuracy: 100.00%, Duration updated: 0.260 → 0.240
83.1716 	DATA 	Keypress: space
84.2216 	DATA 	Trigger sent: 0
86.2206 	DATA 	TrialUnit Data: {'duration': 2.0, 'onset_time': 0.016209800029173493, 'flip_time': 84.22125280008186, 'onset_time_global': 1744684608, 'trigger': 0, 'close_time': 2.0150365999434143, 'close_time_global': 1744684610}
87.3220 	DATA 	Trigger sent: 11
88.3059 	DATA 	TrialUnit Data: {'duration': 1, 'onset_time': 0.01643540000077337, 'flip_time': 87.32154100004118, 'onset_time_global': 1744684611, 'trigger': 11, 'close_time': 1.0001906000543386, 'close_time_global': 1744684612}
89.4055 	DATA 	Trigger sent: 21
90.3903 	DATA 	TrialUnit Data: {'duration': 1, 'onset_time': 0.016035699984058738, 'flip_time': 89.40534449997358, 'onset_time_global': 1744684613, 'trigger': 21, 'close_time': 1.0007545000407845, 'close_time_global': 1744684614}
91.4905 	DATA 	Trigger sent: 0
92.4748 	DATA 	TrialUnit Data: {'duration': 1, 'onset_time': 0.016012800042517483, 'flip_time': 91.49035219999496, 'onset_time_global': 1744684615, 'trigger': 0, 'close_time': 1.0001561000244692, 'close_time_global': 1744684616}
93.5748 	DATA 	Trigger sent: 31
93.8253 	DATA 	Trigger sent: 99
93.8254 	DATA 	TrialUnit Data: {'onset_time': 93.57463599997573, 'onset_time_global': 1744684617, 'hit': False, 'response': None, 'rt': 0.0, 'close_time': 100.17464320000727, 'close_time_global': 1744684617}
93.8255 	DATA 	Adaptive — Trials: 9, Accuracy: 100.00%, Duration updated: 0.240 → 0.220
93.9100 	DATA 	Keypress: space
94.9263 	DATA 	Trigger sent: 0
96.9100 	DATA 	TrialUnit Data: {'duration': 2.0, 'onset_time': 0.016987500013783574, 'flip_time': 94.92615820001811, 'onset_time_global': 1744684618, 'trigger': 0, 'close_time': 2.000488999998197, 'close_time_global': 1744684620}
98.0120 	DATA 	Trigger sent: 11
99.0121 	DATA 	TrialUnit Data: {'duration': 1, 'onset_time': 0.015971500077284873, 'flip_time': 98.0116180999903, 'onset_time_global': 1744684621, 'trigger': 11, 'close_time': 1.015862400061451, 'close_time_global': 1744684622}
100.1140 	DATA 	Trigger sent: 21
101.1115 	DATA 	TrialUnit Data: {'duration': 1, 'onset_time': 0.014765899977646768, 'flip_time': 100.11353990004864, 'onset_time_global': 1744684624, 'trigger': 21, 'close_time': 1.012067599920556, 'close_time_global': 1744684625}
102.2156 	DATA 	Trigger sent: 0
103.2133 	DATA 	TrialUnit Data: {'duration': 1, 'onset_time': 0.016263899975456297, 'flip_time': 102.21522950008512, 'onset_time_global': 1744684626, 'trigger': 0, 'close_time': 1.0136574000352994, 'close_time_global': 1744684627}
104.3151 	DATA 	Trigger sent: 31
104.5489 	DATA 	Trigger sent: 99
104.5490 	DATA 	TrialUnit Data: {'onset_time': 104.31475290004164, 'onset_time_global': 1744684628, 'hit': False, 'response': None, 'rt': 0.0, 'close_time': 110.89817900001071, 'close_time_global': 1744684628}
104.5490 	DATA 	Adaptive — Trials: 10, Accuracy: 100.00%, Duration updated: 0.220 → 0.200
104.6175 	DATA 	Keypress: space
105.6487 	DATA 	Trigger sent: 0
107.6491 	DATA 	TrialUnit Data: {'duration': 2.0, 'onset_time': 0.015643100021407008, 'flip_time': 105.64839370001573, 'onset_time_global': 1744684629, 'trigger': 0, 'close_time': 2.0157610001042485, 'close_time_global': 1744684631}
0.0027 	DATA 	Mouse: Left button down, pos=(822,529)
0.0031 	DATA 	Mouse:  Left button up, pos=(822,529)
1.0875 	DATA 	Trigger sent: 11
2.0753 	DATA 	TrialUnit Data: {'duration': 1, 'onset_time': 0.016240500030107796, 'flip_time': 1.0872203999897465, 'onset_time_global': 1744685997, 'trigger': 11, 'close_time': 1.0039134999969974, 'close_time_global': 1744685998}
2.5950 	DATA 	Mouse: Left button down, pos=(862,471)
2.6764 	DATA 	Mouse:  Left button up, pos=(862,471)
3.1712 	DATA 	Trigger sent: 21
4.1554 	DATA 	TrialUnit Data: {'duration': 1, 'onset_time': 0.01634810003452003, 'flip_time': 3.1710449000820518, 'onset_time_global': 1744685999, 'trigger': 21, 'close_time': 1.0003713000332937, 'close_time_global': 1744686000}
5.2568 	DATA 	Trigger sent: 0
6.2566 	DATA 	TrialUnit Data: {'duration': 1, 'onset_time': 0.015161700081080198, 'flip_time': 5.256475200061686, 'onset_time_global': 1744686001, 'trigger': 0, 'close_time': 1.0147070999955758, 'close_time_global': 1744686002}
7.3581 	DATA 	Trigger sent: 31
7.7581 	DATA 	Trigger sent: 41
7.7582 	DATA 	TrialUnit Data: {'onset_time': 7.357737699989229, 'onset_time_global': 1744686003, 'hit': True, 'response': 'space', 'rt': 1.4977712000254542, 'close_time': 13.978692500037141, 'close_time_global': 1744686004}
7.7583 	DATA 	Adaptive[True] — Trials: 1, Accuracy: 100.00%, Duration updated: 0.400 → 0.380
7.7920 	DATA 	Keypress: space
8.8573 	DATA 	Trigger sent: 0
10.8422 	DATA 	TrialUnit Data: {'duration': 2.0, 'onset_time': 0.01619230001233518, 'flip_time': 8.857168000075035, 'onset_time_global': 1744686005, 'trigger': 0, 'close_time': 2.0009295999770984, 'close_time_global': 1744686007}
11.9425 	DATA 	Trigger sent: 11
12.9441 	DATA 	TrialUnit Data: {'duration': 1, 'onset_time': 0.015138200018554926, 'flip_time': 11.942217400064692, 'onset_time_global': 1744686008, 'trigger': 11, 'close_time': 1.016577300033532, 'close_time_global': 1744686009}
14.0440 	DATA 	Trigger sent: 21
15.0280 	DATA 	TrialUnit Data: {'duration': 1, 'onset_time': 0.016268900013528764, 'flip_time': 14.04374940006528, 'onset_time_global': 1744686010, 'trigger': 21, 'close_time': 1.0000623000087216, 'close_time_global': 1744686011}
16.1292 	DATA 	Trigger sent: 0
17.1283 	DATA 	TrialUnit Data: {'duration': 1, 'onset_time': 0.01608119998127222, 'flip_time': 16.12894950003829, 'onset_time_global': 1744686012, 'trigger': 0, 'close_time': 1.0149400000227615, 'close_time_global': 1744686013}
18.2301 	DATA 	Trigger sent: 31
18.5794 	DATA 	Trigger sent: 41
18.5795 	DATA 	TrialUnit Data: {'onset_time': 18.229701400035992, 'onset_time_global': 1744686014, 'hit': True, 'response': 'space', 'rt': 1.4354573999298736, 'close_time': 24.80006499995943, 'close_time_global': 1744686015}
18.5795 	DATA 	Adaptive[True] — Trials: 2, Accuracy: 100.00%, Duration updated: 0.380 → 0.360
18.5803 	DATA 	Keypress: space
19.6801 	DATA 	Trigger sent: 0
21.6638 	DATA 	TrialUnit Data: {'duration': 2.0, 'onset_time': 0.016374400001950562, 'flip_time': 19.67993079998996, 'onset_time_global': 1744686016, 'trigger': 0, 'close_time': 2.0000119999749586, 'close_time_global': 1744686018}
22.7646 	DATA 	Trigger sent: 11
23.7650 	DATA 	TrialUnit Data: {'duration': 1, 'onset_time': 0.012676099897362292, 'flip_time': 22.76442959997803, 'onset_time_global': 1744686019, 'trigger': 11, 'close_time': 1.0129148999694735, 'close_time_global': 1744686020}
24.8667 	DATA 	Trigger sent: 21
25.8505 	DATA 	TrialUnit Data: {'duration': 1, 'onset_time': 0.01737449993379414, 'flip_time': 24.866424300009385, 'onset_time_global': 1744686021, 'trigger': 21, 'close_time': 1.00093559990637, 'close_time_global': 1744686022}
26.9515 	DATA 	Trigger sent: 0
27.9505 	DATA 	TrialUnit Data: {'duration': 1, 'onset_time': 0.015415600035339594, 'flip_time': 26.951193600078113, 'onset_time_global': 1744686023, 'trigger': 0, 'close_time': 1.0141680999659002, 'close_time_global': 1744686024}
29.0532 	DATA 	Trigger sent: 31
29.3673 	DATA 	Trigger sent: 41
29.3673 	DATA 	TrialUnit Data: {'onset_time': 29.052785200066864, 'onset_time_global': 1744686025, 'hit': True, 'response': 'space', 'rt': 1.4127860000589862, 'close_time': 35.58801459998358, 'close_time_global': 1744686025}
29.3673 	DATA 	Adaptive[True] — Trials: 3, Accuracy: 100.00%, Duration updated: 0.360 → 0.340
29.3839 	DATA 	Keypress: space
30.4676 	DATA 	Trigger sent: 0
32.4692 	DATA 	TrialUnit Data: {'duration': 2.0, 'onset_time': 0.015576199977658689, 'flip_time': 30.46748180000577, 'onset_time_global': 1744686027, 'trigger': 0, 'close_time': 2.0170673000393435, 'close_time_global': 1744686029}
33.5707 	DATA 	Trigger sent: 11
34.5707 	DATA 	TrialUnit Data: {'duration': 1, 'onset_time': 0.01656109991017729, 'flip_time': 33.57044450007379, 'onset_time_global': 1744686030, 'trigger': 11, 'close_time': 1.0164334999863058, 'close_time_global': 1744686031}
35.6714 	DATA 	Trigger sent: 21
36.6580 	DATA 	TrialUnit Data: {'duration': 1, 'onset_time': 0.015720499912276864, 'flip_time': 35.67112970002927, 'onset_time_global': 1744686032, 'trigger': 21, 'close_time': 1.002033600001596, 'close_time_global': 1744686033}
37.7554 	DATA 	Trigger sent: 0
38.7394 	DATA 	TrialUnit Data: {'duration': 1, 'onset_time': 0.0169210999738425, 'flip_time': 37.755253400071524, 'onset_time_global': 1744686034, 'trigger': 0, 'close_time': 1.000774999964051, 'close_time_global': 1744686035}
39.8395 	DATA 	Trigger sent: 31
40.1565 	DATA 	Trigger sent: 41
40.1566 	DATA 	TrialUnit Data: {'onset_time': 39.83929330005776, 'onset_time_global': 1744686036, 'hit': True, 'response': 'space', 'rt': 1.403675700072199, 'close_time': 46.37722020002548, 'close_time_global': 1744686036}
40.1566 	DATA 	Adaptive[True] — Trials: 4, Accuracy: 100.00%, Duration updated: 0.340 → 0.320
40.1733 	DATA 	Keypress: space
41.2578 	DATA 	Trigger sent: 0
43.2583 	DATA 	TrialUnit Data: {'duration': 2.0, 'onset_time': 0.014419600018300116, 'flip_time': 41.25755229999777, 'onset_time_global': 1744686037, 'trigger': 0, 'close_time': 2.0147335999645293, 'close_time_global': 1744686039}
44.3603 	DATA 	Trigger sent: 11
45.3591 	DATA 	TrialUnit Data: {'duration': 1, 'onset_time': 0.015987099963240325, 'flip_time': 44.359915300039575, 'onset_time_global': 1744686040, 'trigger': 11, 'close_time': 1.014619000023231, 'close_time_global': 1744686041}
46.4594 	DATA 	Trigger sent: 21
47.4435 	DATA 	TrialUnit Data: {'duration': 1, 'onset_time': 0.0163450000109151, 'flip_time': 46.45918130001519, 'onset_time_global': 1744686043, 'trigger': 21, 'close_time': 1.0002994999522343, 'close_time_global': 1744686043}
48.5446 	DATA 	Trigger sent: 0
49.5297 	DATA 	TrialUnit Data: {'duration': 1, 'onset_time': 0.016770699992775917, 'flip_time': 48.544345000060275, 'onset_time_global': 1744686045, 'trigger': 0, 'close_time': 1.0015915000112727, 'close_time_global': 1744686046}
50.6292 	DATA 	Trigger sent: 31
50.9639 	DATA 	Trigger sent: 99
50.9640 	DATA 	TrialUnit Data: {'onset_time': 50.6289192000404, 'onset_time_global': 1744686047, 'hit': False, 'response': None, 'rt': 0.0, 'close_time': 57.18452480004635, 'close_time_global': 1744686047}
50.9642 	DATA 	Adaptive — Trials: 5, Accuracy: 100.00%, Duration updated: 0.320 → 0.300
51.0140 	DATA 	Keypress: space
52.0628 	DATA 	Trigger sent: 0
54.0477 	DATA 	TrialUnit Data: {'duration': 2.0, 'onset_time': 0.016173499985598028, 'flip_time': 52.06256360001862, 'onset_time_global': 1744686048, 'trigger': 0, 'close_time': 2.000858899904415, 'close_time_global': 1744686050}
55.1475 	DATA 	Trigger sent: 11
56.1482 	DATA 	TrialUnit Data: {'duration': 1, 'onset_time': 0.015049500041641295, 'flip_time': 55.14724570000544, 'onset_time_global': 1744686051, 'trigger': 11, 'close_time': 1.0154780000448227, 'close_time_global': 1744686052}
57.2496 	DATA 	Trigger sent: 21
58.2322 	DATA 	TrialUnit Data: {'duration': 1, 'onset_time': 0.017956400057300925, 'flip_time': 57.24925630004145, 'onset_time_global': 1744686053, 'trigger': 21, 'close_time': 1.0003398000262678, 'close_time_global': 1744686054}
59.3348 	DATA 	Trigger sent: 0
60.3334 	DATA 	TrialUnit Data: {'duration': 1, 'onset_time': 0.015522100031375885, 'flip_time': 59.33443060005084, 'onset_time_global': 1744686055, 'trigger': 0, 'close_time': 1.013892500079237, 'close_time_global': 1744686056}
61.4330 	DATA 	Trigger sent: 31
61.7338 	DATA 	Trigger sent: 99
61.7338 	DATA 	TrialUnit Data: {'onset_time': 61.43287410004996, 'onset_time_global': 1744686057, 'hit': False, 'response': None, 'rt': 0.0, 'close_time': 67.9544885000214, 'close_time_global': 1744686058}
61.7338 	DATA 	Adaptive — Trials: 6, Accuracy: 100.00%, Duration updated: 0.300 → 0.280
61.7841 	DATA 	Keypress: space
62.8360 	DATA 	Trigger sent: 0
64.8352 	DATA 	TrialUnit Data: {'duration': 2.0, 'onset_time': 0.01649930002167821, 'flip_time': 62.8356766999932, 'onset_time_global': 1744686059, 'trigger': 0, 'close_time': 2.0155500000109896, 'close_time_global': 1744686061}
65.9371 	DATA 	Trigger sent: 11
66.9371 	DATA 	TrialUnit Data: {'duration': 1, 'onset_time': 0.015268699964508414, 'flip_time': 65.93679000006523, 'onset_time_global': 1744686062, 'trigger': 11, 'close_time': 1.0149842000100762, 'close_time_global': 1744686063}
68.0364 	DATA 	Trigger sent: 21
69.0380 	DATA 	TrialUnit Data: {'duration': 1, 'onset_time': 0.015235700062476099, 'flip_time': 68.03621530008968, 'onset_time_global': 1744686064, 'trigger': 21, 'close_time': 1.016692899982445, 'close_time_global': 1744686065}
70.1380 	DATA 	Trigger sent: 0
71.1385 	DATA 	TrialUnit Data: {'duration': 1, 'onset_time': 0.016154899960383773, 'flip_time': 70.13770459999796, 'onset_time_global': 1744686066, 'trigger': 0, 'close_time': 1.0165074999677017, 'close_time_global': 1744686067}
72.2386 	DATA 	Trigger sent: 31
72.5226 	DATA 	Trigger sent: 99
72.5227 	DATA 	TrialUnit Data: {'onset_time': 72.23838480003178, 'onset_time_global': 1744686068, 'hit': False, 'response': None, 'rt': 0.0, 'close_time': 78.74336530000437, 'close_time_global': 1744686069}
72.5227 	DATA 	Adaptive — Trials: 7, Accuracy: 100.00%, Duration updated: 0.280 → 0.260
72.6233 	DATA 	Keypress: space
73.6234 	DATA 	Trigger sent: 0
75.6073 	DATA 	TrialUnit Data: {'duration': 2.0, 'onset_time': 0.016773800016380847, 'flip_time': 73.62320790009107, 'onset_time_global': 1744686070, 'trigger': 0, 'close_time': 2.000500899972394, 'close_time_global': 1744686072}
76.7075 	DATA 	Trigger sent: 11
77.7077 	DATA 	TrialUnit Data: {'duration': 1, 'onset_time': 0.012250999920070171, 'flip_time': 76.70734000008088, 'onset_time_global': 1744686073, 'trigger': 11, 'close_time': 1.0122902999864891, 'close_time_global': 1744686074}
78.8108 	DATA 	Trigger sent: 21
79.8102 	DATA 	TrialUnit Data: {'duration': 1, 'onset_time': 0.015754700056277215, 'flip_time': 78.81038060004357, 'onset_time_global': 1744686075, 'trigger': 21, 'close_time': 1.014987700036727, 'close_time_global': 1744686076}
80.9113 	DATA 	Trigger sent: 0
81.9108 	DATA 	TrialUnit Data: {'duration': 1, 'onset_time': 0.015097599942237139, 'flip_time': 80.91096650005784, 'onset_time_global': 1744686077, 'trigger': 0, 'close_time': 1.014396799961105, 'close_time_global': 1744686078}
83.0127 	DATA 	Trigger sent: 31
83.2778 	DATA 	Trigger sent: 41
83.2778 	DATA 	TrialUnit Data: {'onset_time': 83.01235330000054, 'onset_time_global': 1744686079, 'hit': True, 'response': 'space', 'rt': 1.3625150000443682, 'close_time': 89.49841300002299, 'close_time_global': 1744686079}
83.2779 	DATA 	Adaptive[True] — Trials: 8, Accuracy: 100.00%, Duration updated: 0.260 → 0.240
83.2942 	DATA 	Keypress: space
84.3803 	DATA 	Trigger sent: 0
86.3795 	DATA 	TrialUnit Data: {'duration': 2.0, 'onset_time': 0.014848400023765862, 'flip_time': 84.37989029998425, 'onset_time_global': 1744686080, 'trigger': 0, 'close_time': 2.0138703000266105, 'close_time_global': 1744686082}
87.4835 	DATA 	Trigger sent: 11
88.4810 	DATA 	TrialUnit Data: {'duration': 1, 'onset_time': 0.017744300072081387, 'flip_time': 87.4831048999913, 'onset_time_global': 1744686084, 'trigger': 11, 'close_time': 1.015036700060591, 'close_time_global': 1744686085}
89.5840 	DATA 	Trigger sent: 21
90.5812 	DATA 	TrialUnit Data: {'duration': 1, 'onset_time': 0.016949899960309267, 'flip_time': 89.5836227000691, 'onset_time_global': 1744686086, 'trigger': 21, 'close_time': 1.013880699989386, 'close_time_global': 1744686087}
91.6825 	DATA 	Trigger sent: 0
92.6661 	DATA 	TrialUnit Data: {'duration': 1, 'onset_time': 0.01744760002475232, 'flip_time': 91.68235560005996, 'onset_time_global': 1744686088, 'trigger': 0, 'close_time': 1.0008854999905452, 'close_time_global': 1744686089}
93.7663 	DATA 	Trigger sent: 31
93.9497 	DATA 	Trigger sent: 41
93.9497 	DATA 	TrialUnit Data: {'onset_time': 93.76615330006462, 'onset_time_global': 1744686090, 'hit': True, 'response': 'space', 'rt': 1.2765601999126375, 'close_time': 100.17044430004898, 'close_time_global': 1744686090}
93.9498 	DATA 	Adaptive[True] — Trials: 9, Accuracy: 100.00%, Duration updated: 0.240 → 0.220
93.9669 	DATA 	Keypress: space
95.0504 	DATA 	Trigger sent: 0
97.0347 	DATA 	TrialUnit Data: {'duration': 2.0, 'onset_time': 0.016729800030589104, 'flip_time': 95.05016220000107, 'onset_time_global': 1744686091, 'trigger': 0, 'close_time': 2.000971900066361, 'close_time_global': 1744686093}
98.1349 	DATA 	Trigger sent: 11
99.1360 	DATA 	TrialUnit Data: {'duration': 1, 'onset_time': 0.014900699956342578, 'flip_time': 98.13473779999185, 'onset_time_global': 1744686094, 'trigger': 11, 'close_time': 1.015812600031495, 'close_time_global': 1744686095}
100.2389 	DATA 	Trigger sent: 21
101.2388 	DATA 	TrialUnit Data: {'duration': 1, 'onset_time': 0.01628310000523925, 'flip_time': 100.23856700002216, 'onset_time_global': 1744686096, 'trigger': 21, 'close_time': 1.0158138999249786, 'close_time_global': 1744686097}
102.3386 	DATA 	Trigger sent: 0
103.3381 	DATA 	TrialUnit Data: {'duration': 1, 'onset_time': 0.017454400076530874, 'flip_time': 102.33825750008691, 'onset_time_global': 1744686098, 'trigger': 0, 'close_time': 1.0166819000151008, 'close_time_global': 1744686099}
104.4382 	DATA 	Trigger sent: 31
104.6734 	DATA 	Trigger sent: 99
104.6735 	DATA 	TrialUnit Data: {'onset_time': 104.43794860003982, 'onset_time_global': 1744686100, 'hit': False, 'response': None, 'rt': 0.0, 'close_time': 110.89403640001547, 'close_time_global': 1744686101}
104.6736 	DATA 	Adaptive — Trials: 10, Accuracy: 100.00%, Duration updated: 0.220 → 0.200
104.7732 	DATA 	Keypress: space
105.7718 	DATA 	Trigger sent: 0
107.7564 	DATA 	TrialUnit Data: {'duration': 2.0, 'onset_time': 0.01618380006402731, 'flip_time': 105.77163980004843, 'onset_time_global': 1744686102, 'trigger': 0, 'close_time': 2.0006505000637844, 'close_time_global': 1744686104}
